SBY  2:25:46 [/tmp/rtl_bugs_matrix_oBbrad/formal_bug5_fixed] Copy '/mnt/fileserver/prj/rtl_bugs/src/bug5/rtl/fixed.sv' to '/tmp/rtl_bugs_matrix_oBbrad/formal_bug5_fixed/src/fixed.sv'.
SBY  2:25:46 [/tmp/rtl_bugs_matrix_oBbrad/formal_bug5_fixed] Copy '/mnt/fileserver/prj/rtl_bugs/src/bug5/formal/sby_properties.sv' to '/tmp/rtl_bugs_matrix_oBbrad/formal_bug5_fixed/src/sby_properties.sv'.
SBY  2:25:46 [/tmp/rtl_bugs_matrix_oBbrad/formal_bug5_fixed] engine_0: abc pdr
SBY  2:25:46 [/tmp/rtl_bugs_matrix_oBbrad/formal_bug5_fixed] base: starting process "cd /tmp/rtl_bugs_matrix_oBbrad/formal_bug5_fixed/src; yosys -ql ../model/design.log ../model/design.ys"
SBY  2:25:46 [/tmp/rtl_bugs_matrix_oBbrad/formal_bug5_fixed] base: finished (returncode=0)
SBY  2:25:46 [/tmp/rtl_bugs_matrix_oBbrad/formal_bug5_fixed] prep: starting process "cd /tmp/rtl_bugs_matrix_oBbrad/formal_bug5_fixed/model; yosys -ql design_prep.log design_prep.ys"
SBY  2:25:46 [/tmp/rtl_bugs_matrix_oBbrad/formal_bug5_fixed] prep: finished (returncode=0)
SBY  2:25:46 [/tmp/rtl_bugs_matrix_oBbrad/formal_bug5_fixed] aig: starting process "cd /tmp/rtl_bugs_matrix_oBbrad/formal_bug5_fixed/model; yosys -ql design_aiger.log design_aiger.ys"
SBY  2:25:46 [/tmp/rtl_bugs_matrix_oBbrad/formal_bug5_fixed] aig: finished (returncode=0)
SBY  2:25:46 [/tmp/rtl_bugs_matrix_oBbrad/formal_bug5_fixed] engine_0: starting process "cd /tmp/rtl_bugs_matrix_oBbrad/formal_bug5_fixed; yosys-abc -c 'read_aiger model/design_aiger.aig; fold; strash; pdr -v -l; write_cex -a engine_0/trace.aiw'"
SBY  2:25:46 [/tmp/rtl_bugs_matrix_oBbrad/formal_bug5_fixed] engine_0: ======== ABC command line "read_aiger model/design_aiger.aig; fold; strash; pdr -v -l; write_cex -a engine_0/trace.aiw"
SBY  2:25:46 [/tmp/rtl_bugs_matrix_oBbrad/formal_bug5_fixed] engine_0: Warning: The network has no constraints.
SBY  2:25:46 [/tmp/rtl_bugs_matrix_oBbrad/formal_bug5_fixed] engine_0: VarMax = 300. FrameMax = 10000. QueMax = 0. TimeMax = 139. MonoCNF = no. SkipGen = no. SolveAll = no.
SBY  2:25:46 [/tmp/rtl_bugs_matrix_oBbrad/formal_bug5_fixed] engine_0: Frame Clauses                                                     Max Queue Flops Time
SBY  2:25:46 [/tmp/rtl_bugs_matrix_oBbrad/formal_bug5_fixed] engine_0: 1 : 0 0                                                                 0     0      0.00 sec  T/O =  0  PRV =  0
SBY  2:25:46 [/tmp/rtl_bugs_matrix_oBbrad/formal_bug5_fixed] engine_0: 2 : 0 0 0                                                               0     0      0.00 sec  T/O =  0  PRV =  0
SBY  2:25:46 [/tmp/rtl_bugs_matrix_oBbrad/formal_bug5_fixed] engine_0: Proved output 0 in frame 2 (converged).
SBY  2:25:46 [/tmp/rtl_bugs_matrix_oBbrad/formal_bug5_fixed] engine_0: Proved output 1 in frame 2 (converged).
SBY  2:25:46 [/tmp/rtl_bugs_matrix_oBbrad/formal_bug5_fixed] engine_0: Block =    0  Oblig =     0  Clause =     0  Call =     4 (sat=0.0%)  Cex =   0  Start =   0
SBY  2:25:46 [/tmp/rtl_bugs_matrix_oBbrad/formal_bug5_fixed] engine_0: SAT solving =     0.00 sec (  0.02 %)
SBY  2:25:46 [/tmp/rtl_bugs_matrix_oBbrad/formal_bug5_fixed] engine_0: unsat     =     0.00 sec (  0.02 %)
SBY  2:25:46 [/tmp/rtl_bugs_matrix_oBbrad/formal_bug5_fixed] engine_0: sat       =     0.00 sec (  0.00 %)
SBY  2:25:46 [/tmp/rtl_bugs_matrix_oBbrad/formal_bug5_fixed] engine_0: Generalize  =     0.00 sec (  0.00 %)
SBY  2:25:46 [/tmp/rtl_bugs_matrix_oBbrad/formal_bug5_fixed] engine_0: Push clause =     0.00 sec (  0.00 %)
SBY  2:25:46 [/tmp/rtl_bugs_matrix_oBbrad/formal_bug5_fixed] engine_0: Ternary sim =     0.00 sec (  0.00 %)
SBY  2:25:46 [/tmp/rtl_bugs_matrix_oBbrad/formal_bug5_fixed] engine_0: Containment =     0.00 sec (  0.00 %)
SBY  2:25:46 [/tmp/rtl_bugs_matrix_oBbrad/formal_bug5_fixed] engine_0: CNF compute =     0.00 sec (  0.00 %)
SBY  2:25:46 [/tmp/rtl_bugs_matrix_oBbrad/formal_bug5_fixed] engine_0: Refinement  =     0.00 sec (  0.00 %)
SBY  2:25:46 [/tmp/rtl_bugs_matrix_oBbrad/formal_bug5_fixed] engine_0: TOTAL       =     0.01 sec (100.00 %)
SBY  2:25:46 [/tmp/rtl_bugs_matrix_oBbrad/formal_bug5_fixed] engine_0: Property proved.  Time =     0.01 sec
SBY  2:25:46 [/tmp/rtl_bugs_matrix_oBbrad/formal_bug5_fixed] engine_0: Counter-example is not available.
SBY  2:25:46 [/tmp/rtl_bugs_matrix_oBbrad/formal_bug5_fixed] engine_0: finished (returncode=0)
SBY  2:25:46 [/tmp/rtl_bugs_matrix_oBbrad/formal_bug5_fixed] engine_0: Status returned by engine: PASS
SBY  2:25:46 [/tmp/rtl_bugs_matrix_oBbrad/formal_bug5_fixed] summary: Elapsed clock time [H:MM:SS (secs)]: 0:00:00 (0)
SBY  2:25:46 [/tmp/rtl_bugs_matrix_oBbrad/formal_bug5_fixed] summary: Elapsed process time [H:MM:SS (secs)]: 0:00:00 (0)
SBY  2:25:46 [/tmp/rtl_bugs_matrix_oBbrad/formal_bug5_fixed] summary: engine_0 (abc pdr) returned PASS
SBY  2:25:46 [/tmp/rtl_bugs_matrix_oBbrad/formal_bug5_fixed] summary: engine_0 did not produce any traces
SBY  2:25:46 [/tmp/rtl_bugs_matrix_oBbrad/formal_bug5_fixed] DONE (PASS, rc=0)
