SBY  0:16:41 [/tmp/tmp.gEibMlrU6b/bug1_formal_anvil.sby_fixed] Removing directory '/tmp/tmp.gEibMlrU6b/bug1_formal_anvil.sby_fixed'.
SBY  0:16:41 [/tmp/tmp.gEibMlrU6b/bug1_formal_anvil.sby_fixed] Copy '/mnt/fileserver/prj/rtl_bugs/src/bug1/rtl/generated/fixed.sv' to '/tmp/tmp.gEibMlrU6b/bug1_formal_anvil.sby_fixed/src/fixed.sv'.
SBY  0:16:41 [/tmp/tmp.gEibMlrU6b/bug1_formal_anvil.sby_fixed] Copy '/mnt/fileserver/prj/rtl_bugs/src/bug1/formal/anvil_properties.sv' to '/tmp/tmp.gEibMlrU6b/bug1_formal_anvil.sby_fixed/src/anvil_properties.sv'.
SBY  0:16:41 [/tmp/tmp.gEibMlrU6b/bug1_formal_anvil.sby_fixed] engine_0: smtbmc z3
SBY  0:16:41 [/tmp/tmp.gEibMlrU6b/bug1_formal_anvil.sby_fixed] base: starting process "cd /tmp/tmp.gEibMlrU6b/bug1_formal_anvil.sby_fixed/src; yosys -ql ../model/design.log ../model/design.ys"
SBY  0:16:41 [/tmp/tmp.gEibMlrU6b/bug1_formal_anvil.sby_fixed] base: Warning: Wire queue_init_anvil_properties.\f_clk is used but has no driver.
SBY  0:16:41 [/tmp/tmp.gEibMlrU6b/bug1_formal_anvil.sby_fixed] base: finished (returncode=0)
SBY  0:16:41 [/tmp/tmp.gEibMlrU6b/bug1_formal_anvil.sby_fixed] prep: starting process "cd /tmp/tmp.gEibMlrU6b/bug1_formal_anvil.sby_fixed/model; yosys -ql design_prep.log design_prep.ys"
SBY  0:16:42 [/tmp/tmp.gEibMlrU6b/bug1_formal_anvil.sby_fixed] prep: Warning: Wire queue_init_anvil_properties.\f_clk is used but has no driver.
SBY  0:16:42 [/tmp/tmp.gEibMlrU6b/bug1_formal_anvil.sby_fixed] prep: finished (returncode=0)
SBY  0:16:42 [/tmp/tmp.gEibMlrU6b/bug1_formal_anvil.sby_fixed] smt2: starting process "cd /tmp/tmp.gEibMlrU6b/bug1_formal_anvil.sby_fixed/model; yosys -ql design_smt2.log design_smt2.ys"
SBY  0:16:42 [/tmp/tmp.gEibMlrU6b/bug1_formal_anvil.sby_fixed] smt2: finished (returncode=0)
SBY  0:16:42 [/tmp/tmp.gEibMlrU6b/bug1_formal_anvil.sby_fixed] engine_0.basecase: starting process "cd /tmp/tmp.gEibMlrU6b/bug1_formal_anvil.sby_fixed; yosys-smtbmc -s z3 --presat --noprogress -t 6  --append 0 --dump-vcd engine_0/trace.vcd --dump-yw engine_0/trace.yw --dump-vlogtb engine_0/trace_tb.v --dump-smtc engine_0/trace.smtc model/design_smt2.smt2"
SBY  0:16:42 [/tmp/tmp.gEibMlrU6b/bug1_formal_anvil.sby_fixed] engine_0.induction: starting process "cd /tmp/tmp.gEibMlrU6b/bug1_formal_anvil.sby_fixed; yosys-smtbmc -s z3 --presat -i --noprogress -t 6  --append 0 --dump-vcd engine_0/trace_induct.vcd --dump-yw engine_0/trace_induct.yw --dump-vlogtb engine_0/trace_induct_tb.v --dump-smtc engine_0/trace_induct.smtc model/design_smt2.smt2"
SBY  0:16:42 [/tmp/tmp.gEibMlrU6b/bug1_formal_anvil.sby_fixed] engine_0.basecase: ##   0:00:00  Solver: z3
SBY  0:16:42 [/tmp/tmp.gEibMlrU6b/bug1_formal_anvil.sby_fixed] engine_0.induction: ##   0:00:00  Solver: z3
SBY  0:16:42 [/tmp/tmp.gEibMlrU6b/bug1_formal_anvil.sby_fixed] engine_0.basecase: ##   0:00:00  Checking assumptions in step 0..
SBY  0:16:42 [/tmp/tmp.gEibMlrU6b/bug1_formal_anvil.sby_fixed] engine_0.induction: ##   0:00:00  Trying induction in step 6..
SBY  0:16:42 [/tmp/tmp.gEibMlrU6b/bug1_formal_anvil.sby_fixed] engine_0.basecase: ##   0:00:00  Checking assertions in step 0..
SBY  0:16:42 [/tmp/tmp.gEibMlrU6b/bug1_formal_anvil.sby_fixed] engine_0.basecase: ##   0:00:00  Checking assumptions in step 1..
SBY  0:16:42 [/tmp/tmp.gEibMlrU6b/bug1_formal_anvil.sby_fixed] engine_0.basecase: ##   0:00:00  Checking assertions in step 1..
SBY  0:16:42 [/tmp/tmp.gEibMlrU6b/bug1_formal_anvil.sby_fixed] engine_0.basecase: ##   0:00:00  Checking assumptions in step 2..
SBY  0:16:42 [/tmp/tmp.gEibMlrU6b/bug1_formal_anvil.sby_fixed] engine_0.basecase: ##   0:00:00  Checking assertions in step 2..
SBY  0:16:42 [/tmp/tmp.gEibMlrU6b/bug1_formal_anvil.sby_fixed] engine_0.basecase: ##   0:00:00  Checking assumptions in step 3..
SBY  0:16:42 [/tmp/tmp.gEibMlrU6b/bug1_formal_anvil.sby_fixed] engine_0.basecase: ##   0:00:00  Checking assertions in step 3..
SBY  0:16:42 [/tmp/tmp.gEibMlrU6b/bug1_formal_anvil.sby_fixed] engine_0.basecase: ##   0:00:00  Checking assumptions in step 4..
SBY  0:16:42 [/tmp/tmp.gEibMlrU6b/bug1_formal_anvil.sby_fixed] engine_0.basecase: ##   0:00:00  Checking assertions in step 4..
SBY  0:16:42 [/tmp/tmp.gEibMlrU6b/bug1_formal_anvil.sby_fixed] engine_0.basecase: ##   0:00:00  Checking assumptions in step 5..
SBY  0:16:42 [/tmp/tmp.gEibMlrU6b/bug1_formal_anvil.sby_fixed] engine_0.basecase: ##   0:00:00  Checking assertions in step 5..
SBY  0:16:42 [/tmp/tmp.gEibMlrU6b/bug1_formal_anvil.sby_fixed] engine_0.basecase: ##   0:00:00  Status: passed
SBY  0:16:42 [/tmp/tmp.gEibMlrU6b/bug1_formal_anvil.sby_fixed] engine_0.basecase: finished (returncode=0)
SBY  0:16:42 [/tmp/tmp.gEibMlrU6b/bug1_formal_anvil.sby_fixed] engine_0.basecase: Status returned by engine for basecase: pass
SBY  0:16:42 [/tmp/tmp.gEibMlrU6b/bug1_formal_anvil.sby_fixed] engine_0.induction: ##   0:00:00  Trying induction in step 5..
SBY  0:16:42 [/tmp/tmp.gEibMlrU6b/bug1_formal_anvil.sby_fixed] engine_0.induction: ##   0:00:00  Trying induction in step 4..
SBY  0:16:43 [/tmp/tmp.gEibMlrU6b/bug1_formal_anvil.sby_fixed] engine_0.induction: ##   0:00:00  Temporal induction successful.
SBY  0:16:43 [/tmp/tmp.gEibMlrU6b/bug1_formal_anvil.sby_fixed] engine_0.induction: ##   0:00:00  Status: passed
SBY  0:16:43 [/tmp/tmp.gEibMlrU6b/bug1_formal_anvil.sby_fixed] engine_0.induction: finished (returncode=0)
SBY  0:16:43 [/tmp/tmp.gEibMlrU6b/bug1_formal_anvil.sby_fixed] engine_0.induction: Status returned by engine for induction: pass
SBY  0:16:43 [/tmp/tmp.gEibMlrU6b/bug1_formal_anvil.sby_fixed] summary: Elapsed clock time [H:MM:SS (secs)]: 0:00:02 (2)
SBY  0:16:43 [/tmp/tmp.gEibMlrU6b/bug1_formal_anvil.sby_fixed] summary: Elapsed process time [H:MM:SS (secs)]: 0:00:02 (2)
SBY  0:16:43 [/tmp/tmp.gEibMlrU6b/bug1_formal_anvil.sby_fixed] summary: engine_0 (smtbmc z3) returned pass for basecase
SBY  0:16:43 [/tmp/tmp.gEibMlrU6b/bug1_formal_anvil.sby_fixed] summary: engine_0 (smtbmc z3) returned pass for induction
SBY  0:16:43 [/tmp/tmp.gEibMlrU6b/bug1_formal_anvil.sby_fixed] summary: engine_0 did not produce any traces
SBY  0:16:43 [/tmp/tmp.gEibMlrU6b/bug1_formal_anvil.sby_fixed] summary: successful proof by k-induction.
SBY  0:16:43 [/tmp/tmp.gEibMlrU6b/bug1_formal_anvil.sby_fixed] DONE (PASS, rc=0)
