SBY  0:16:39 [/tmp/tmp.gEibMlrU6b/bug1_formal_anvil.sby_buggy] Removing directory '/tmp/tmp.gEibMlrU6b/bug1_formal_anvil.sby_buggy'.
SBY  0:16:39 [/tmp/tmp.gEibMlrU6b/bug1_formal_anvil.sby_buggy] Copy '/mnt/fileserver/prj/rtl_bugs/src/bug1/rtl/generated/buggy.sv' to '/tmp/tmp.gEibMlrU6b/bug1_formal_anvil.sby_buggy/src/buggy.sv'.
SBY  0:16:39 [/tmp/tmp.gEibMlrU6b/bug1_formal_anvil.sby_buggy] Copy '/mnt/fileserver/prj/rtl_bugs/src/bug1/formal/anvil_properties.sv' to '/tmp/tmp.gEibMlrU6b/bug1_formal_anvil.sby_buggy/src/anvil_properties.sv'.
SBY  0:16:39 [/tmp/tmp.gEibMlrU6b/bug1_formal_anvil.sby_buggy] engine_0: smtbmc z3
SBY  0:16:39 [/tmp/tmp.gEibMlrU6b/bug1_formal_anvil.sby_buggy] base: starting process "cd /tmp/tmp.gEibMlrU6b/bug1_formal_anvil.sby_buggy/src; yosys -ql ../model/design.log ../model/design.ys"
SBY  0:16:39 [/tmp/tmp.gEibMlrU6b/bug1_formal_anvil.sby_buggy] base: Warning: Wire queue_init_anvil_properties.\f_clk is used but has no driver.
SBY  0:16:40 [/tmp/tmp.gEibMlrU6b/bug1_formal_anvil.sby_buggy] base: finished (returncode=0)
SBY  0:16:40 [/tmp/tmp.gEibMlrU6b/bug1_formal_anvil.sby_buggy] prep: starting process "cd /tmp/tmp.gEibMlrU6b/bug1_formal_anvil.sby_buggy/model; yosys -ql design_prep.log design_prep.ys"
SBY  0:16:40 [/tmp/tmp.gEibMlrU6b/bug1_formal_anvil.sby_buggy] prep: Warning: Wire queue_init_anvil_properties.\f_clk is used but has no driver.
SBY  0:16:40 [/tmp/tmp.gEibMlrU6b/bug1_formal_anvil.sby_buggy] prep: finished (returncode=0)
SBY  0:16:40 [/tmp/tmp.gEibMlrU6b/bug1_formal_anvil.sby_buggy] smt2: starting process "cd /tmp/tmp.gEibMlrU6b/bug1_formal_anvil.sby_buggy/model; yosys -ql design_smt2.log design_smt2.ys"
SBY  0:16:40 [/tmp/tmp.gEibMlrU6b/bug1_formal_anvil.sby_buggy] smt2: finished (returncode=0)
SBY  0:16:40 [/tmp/tmp.gEibMlrU6b/bug1_formal_anvil.sby_buggy] engine_0: starting process "cd /tmp/tmp.gEibMlrU6b/bug1_formal_anvil.sby_buggy; yosys-smtbmc -s z3 --presat --noprogress -t 6  --append 0 --dump-vcd engine_0/trace.vcd --dump-yw engine_0/trace.yw --dump-vlogtb engine_0/trace_tb.v --dump-smtc engine_0/trace.smtc model/design_smt2.smt2"
SBY  0:16:40 [/tmp/tmp.gEibMlrU6b/bug1_formal_anvil.sby_buggy] engine_0: ##   0:00:00  Solver: z3
SBY  0:16:40 [/tmp/tmp.gEibMlrU6b/bug1_formal_anvil.sby_buggy] engine_0: ##   0:00:00  Checking assumptions in step 0..
SBY  0:16:40 [/tmp/tmp.gEibMlrU6b/bug1_formal_anvil.sby_buggy] engine_0: ##   0:00:00  Checking assertions in step 0..
SBY  0:16:40 [/tmp/tmp.gEibMlrU6b/bug1_formal_anvil.sby_buggy] engine_0: ##   0:00:00  Checking assumptions in step 1..
SBY  0:16:40 [/tmp/tmp.gEibMlrU6b/bug1_formal_anvil.sby_buggy] engine_0: ##   0:00:00  Checking assertions in step 1..
SBY  0:16:40 [/tmp/tmp.gEibMlrU6b/bug1_formal_anvil.sby_buggy] engine_0: ##   0:00:00  Checking assumptions in step 2..
SBY  0:16:40 [/tmp/tmp.gEibMlrU6b/bug1_formal_anvil.sby_buggy] engine_0: ##   0:00:00  Checking assertions in step 2..
SBY  0:16:40 [/tmp/tmp.gEibMlrU6b/bug1_formal_anvil.sby_buggy] engine_0: ##   0:00:00  Checking assumptions in step 3..
SBY  0:16:40 [/tmp/tmp.gEibMlrU6b/bug1_formal_anvil.sby_buggy] engine_0: ##   0:00:00  Checking assertions in step 3..
SBY  0:16:40 [/tmp/tmp.gEibMlrU6b/bug1_formal_anvil.sby_buggy] engine_0: ##   0:00:00  Checking assumptions in step 4..
SBY  0:16:40 [/tmp/tmp.gEibMlrU6b/bug1_formal_anvil.sby_buggy] engine_0: ##   0:00:00  Checking assertions in step 4..
SBY  0:16:40 [/tmp/tmp.gEibMlrU6b/bug1_formal_anvil.sby_buggy] engine_0: ##   0:00:00  Checking assumptions in step 5..
SBY  0:16:40 [/tmp/tmp.gEibMlrU6b/bug1_formal_anvil.sby_buggy] engine_0: ##   0:00:00  Checking assertions in step 5..
SBY  0:16:40 [/tmp/tmp.gEibMlrU6b/bug1_formal_anvil.sby_buggy] engine_0: ##   0:00:00  Status: passed
SBY  0:16:40 [/tmp/tmp.gEibMlrU6b/bug1_formal_anvil.sby_buggy] engine_0: finished (returncode=0)
SBY  0:16:40 [/tmp/tmp.gEibMlrU6b/bug1_formal_anvil.sby_buggy] engine_0: Status returned by engine: pass
SBY  0:16:40 [/tmp/tmp.gEibMlrU6b/bug1_formal_anvil.sby_buggy] summary: Elapsed clock time [H:MM:SS (secs)]: 0:00:01 (1)
SBY  0:16:40 [/tmp/tmp.gEibMlrU6b/bug1_formal_anvil.sby_buggy] summary: Elapsed process time [H:MM:SS (secs)]: 0:00:01 (1)
SBY  0:16:40 [/tmp/tmp.gEibMlrU6b/bug1_formal_anvil.sby_buggy] summary: engine_0 (smtbmc z3) returned pass
SBY  0:16:40 [/tmp/tmp.gEibMlrU6b/bug1_formal_anvil.sby_buggy] summary: engine_0 did not produce any traces
SBY  0:16:40 [/tmp/tmp.gEibMlrU6b/bug1_formal_anvil.sby_buggy] DONE (PASS, rc=0)
