SBY  2:25:44 [/tmp/rtl_bugs_matrix_oBbrad/formal_bug1_fixed] Copy '/mnt/fileserver/prj/rtl_bugs/src/bug1/rtl/fixed.sv' to '/tmp/rtl_bugs_matrix_oBbrad/formal_bug1_fixed/src/fixed.sv'.
SBY  2:25:44 [/tmp/rtl_bugs_matrix_oBbrad/formal_bug1_fixed] Copy '/mnt/fileserver/prj/rtl_bugs/src/bug1/formal/sby_properties.sv' to '/tmp/rtl_bugs_matrix_oBbrad/formal_bug1_fixed/src/sby_properties.sv'.
SBY  2:25:44 [/tmp/rtl_bugs_matrix_oBbrad/formal_bug1_fixed] engine_0: smtbmc z3
SBY  2:25:44 [/tmp/rtl_bugs_matrix_oBbrad/formal_bug1_fixed] base: starting process "cd /tmp/rtl_bugs_matrix_oBbrad/formal_bug1_fixed/src; yosys -ql ../model/design.log ../model/design.ys"
SBY  2:25:44 [/tmp/rtl_bugs_matrix_oBbrad/formal_bug1_fixed] base: finished (returncode=0)
SBY  2:25:44 [/tmp/rtl_bugs_matrix_oBbrad/formal_bug1_fixed] prep: starting process "cd /tmp/rtl_bugs_matrix_oBbrad/formal_bug1_fixed/model; yosys -ql design_prep.log design_prep.ys"
SBY  2:25:45 [/tmp/rtl_bugs_matrix_oBbrad/formal_bug1_fixed] prep: finished (returncode=0)
SBY  2:25:45 [/tmp/rtl_bugs_matrix_oBbrad/formal_bug1_fixed] smt2: starting process "cd /tmp/rtl_bugs_matrix_oBbrad/formal_bug1_fixed/model; yosys -ql design_smt2.log design_smt2.ys"
SBY  2:25:45 [/tmp/rtl_bugs_matrix_oBbrad/formal_bug1_fixed] smt2: finished (returncode=0)
SBY  2:25:45 [/tmp/rtl_bugs_matrix_oBbrad/formal_bug1_fixed] engine_0.basecase: starting process "cd /tmp/rtl_bugs_matrix_oBbrad/formal_bug1_fixed; yosys-smtbmc -s z3 --presat --noprogress -t 2  --append 0 --dump-vcd engine_0/trace.vcd --dump-yw engine_0/trace.yw --dump-vlogtb engine_0/trace_tb.v --dump-smtc engine_0/trace.smtc model/design_smt2.smt2"
SBY  2:25:45 [/tmp/rtl_bugs_matrix_oBbrad/formal_bug1_fixed] engine_0.induction: starting process "cd /tmp/rtl_bugs_matrix_oBbrad/formal_bug1_fixed; yosys-smtbmc -s z3 --presat -i --noprogress -t 2  --append 0 --dump-vcd engine_0/trace_induct.vcd --dump-yw engine_0/trace_induct.yw --dump-vlogtb engine_0/trace_induct_tb.v --dump-smtc engine_0/trace_induct.smtc model/design_smt2.smt2"
SBY  2:25:45 [/tmp/rtl_bugs_matrix_oBbrad/formal_bug1_fixed] engine_0.basecase: ##   0:00:00  Solver: z3
SBY  2:25:45 [/tmp/rtl_bugs_matrix_oBbrad/formal_bug1_fixed] engine_0.induction: ##   0:00:00  Solver: z3
SBY  2:25:45 [/tmp/rtl_bugs_matrix_oBbrad/formal_bug1_fixed] engine_0.induction: ##   0:00:00  Trying induction in step 2..
SBY  2:25:45 [/tmp/rtl_bugs_matrix_oBbrad/formal_bug1_fixed] engine_0.basecase: ##   0:00:00  Checking assumptions in step 0..
SBY  2:25:45 [/tmp/rtl_bugs_matrix_oBbrad/formal_bug1_fixed] engine_0.basecase: ##   0:00:00  Checking assertions in step 0..
SBY  2:25:45 [/tmp/rtl_bugs_matrix_oBbrad/formal_bug1_fixed] engine_0.basecase: ##   0:00:00  Checking assumptions in step 1..
SBY  2:25:45 [/tmp/rtl_bugs_matrix_oBbrad/formal_bug1_fixed] engine_0.basecase: ##   0:00:00  Checking assertions in step 1..
SBY  2:25:45 [/tmp/rtl_bugs_matrix_oBbrad/formal_bug1_fixed] engine_0.basecase: ##   0:00:00  Status: passed
SBY  2:25:45 [/tmp/rtl_bugs_matrix_oBbrad/formal_bug1_fixed] engine_0.basecase: finished (returncode=0)
SBY  2:25:45 [/tmp/rtl_bugs_matrix_oBbrad/formal_bug1_fixed] engine_0.basecase: Status returned by engine for basecase: pass
SBY  2:25:45 [/tmp/rtl_bugs_matrix_oBbrad/formal_bug1_fixed] engine_0.induction: ##   0:00:00  Trying induction in step 1..
SBY  2:25:45 [/tmp/rtl_bugs_matrix_oBbrad/formal_bug1_fixed] engine_0.induction: ##   0:00:00  Temporal induction successful.
SBY  2:25:45 [/tmp/rtl_bugs_matrix_oBbrad/formal_bug1_fixed] engine_0.induction: ##   0:00:00  Status: passed
SBY  2:25:45 [/tmp/rtl_bugs_matrix_oBbrad/formal_bug1_fixed] engine_0.induction: finished (returncode=0)
SBY  2:25:45 [/tmp/rtl_bugs_matrix_oBbrad/formal_bug1_fixed] engine_0.induction: Status returned by engine for induction: pass
SBY  2:25:45 [/tmp/rtl_bugs_matrix_oBbrad/formal_bug1_fixed] summary: Elapsed clock time [H:MM:SS (secs)]: 0:00:01 (1)
SBY  2:25:45 [/tmp/rtl_bugs_matrix_oBbrad/formal_bug1_fixed] summary: Elapsed process time [H:MM:SS (secs)]: 0:00:01 (1)
SBY  2:25:45 [/tmp/rtl_bugs_matrix_oBbrad/formal_bug1_fixed] summary: engine_0 (smtbmc z3) returned pass for basecase
SBY  2:25:45 [/tmp/rtl_bugs_matrix_oBbrad/formal_bug1_fixed] summary: engine_0 (smtbmc z3) returned pass for induction
SBY  2:25:45 [/tmp/rtl_bugs_matrix_oBbrad/formal_bug1_fixed] summary: engine_0 did not produce any traces
SBY  2:25:45 [/tmp/rtl_bugs_matrix_oBbrad/formal_bug1_fixed] summary: successful proof by k-induction.
SBY  2:25:45 [/tmp/rtl_bugs_matrix_oBbrad/formal_bug1_fixed] DONE (PASS, rc=0)
