SBY  0:16:44 [/tmp/tmp.gEibMlrU6b/bug4_formal_anvil_live.sby_default] Removing directory '/tmp/tmp.gEibMlrU6b/bug4_formal_anvil_live.sby_default'.
SBY  0:16:44 [/tmp/tmp.gEibMlrU6b/bug4_formal_anvil_live.sby_default] Copy '/mnt/fileserver/prj/rtl_bugs/src/bug4/rtl/generated/fixed.sv' to '/tmp/tmp.gEibMlrU6b/bug4_formal_anvil_live.sby_default/src/fixed.sv'.
SBY  0:16:44 [/tmp/tmp.gEibMlrU6b/bug4_formal_anvil_live.sby_default] Copy '/mnt/fileserver/prj/rtl_bugs/src/bug4/formal/anvil_live_properties.sv' to '/tmp/tmp.gEibMlrU6b/bug4_formal_anvil_live.sby_default/src/anvil_live_properties.sv'.
SBY  0:16:44 [/tmp/tmp.gEibMlrU6b/bug4_formal_anvil_live.sby_default] engine_0: aiger suprove
SBY  0:16:44 [/tmp/tmp.gEibMlrU6b/bug4_formal_anvil_live.sby_default] base: starting process "cd /tmp/tmp.gEibMlrU6b/bug4_formal_anvil_live.sby_default/src; yosys -ql ../model/design.log ../model/design.ys"
SBY  0:16:44 [/tmp/tmp.gEibMlrU6b/bug4_formal_anvil_live.sby_default] base: Warning: Wire handshake_anvil_live_properties.\f_clk is used but has no driver.
SBY  0:16:44 [/tmp/tmp.gEibMlrU6b/bug4_formal_anvil_live.sby_default] base: finished (returncode=0)
SBY  0:16:44 [/tmp/tmp.gEibMlrU6b/bug4_formal_anvil_live.sby_default] prep: starting process "cd /tmp/tmp.gEibMlrU6b/bug4_formal_anvil_live.sby_default/model; yosys -ql design_prep.log design_prep.ys"
SBY  0:16:44 [/tmp/tmp.gEibMlrU6b/bug4_formal_anvil_live.sby_default] prep: Warning: Wire handshake_anvil_live_properties.\f_clk is used but has no driver.
SBY  0:16:44 [/tmp/tmp.gEibMlrU6b/bug4_formal_anvil_live.sby_default] prep: finished (returncode=0)
SBY  0:16:44 [/tmp/tmp.gEibMlrU6b/bug4_formal_anvil_live.sby_default] aig: starting process "cd /tmp/tmp.gEibMlrU6b/bug4_formal_anvil_live.sby_default/model; yosys -ql design_aiger.log design_aiger.ys"
SBY  0:16:44 [/tmp/tmp.gEibMlrU6b/bug4_formal_anvil_live.sby_default] aig: finished (returncode=0)
SBY  0:16:44 [/tmp/tmp.gEibMlrU6b/bug4_formal_anvil_live.sby_default] engine_0: starting process "cd /tmp/tmp.gEibMlrU6b/bug4_formal_anvil_live.sby_default; suprove +simple_liveness model/design_aiger.aig"
SBY  0:16:44 [/tmp/tmp.gEibMlrU6b/bug4_formal_anvil_live.sby_default] engine_0: finished (returncode=0)
SBY  0:16:44 [/tmp/tmp.gEibMlrU6b/bug4_formal_anvil_live.sby_default] engine_0: Status returned by engine: PASS
SBY  0:16:44 [/tmp/tmp.gEibMlrU6b/bug4_formal_anvil_live.sby_default] summary: Elapsed clock time [H:MM:SS (secs)]: 0:00:00 (0)
SBY  0:16:44 [/tmp/tmp.gEibMlrU6b/bug4_formal_anvil_live.sby_default] summary: Elapsed process time [H:MM:SS (secs)]: 0:00:00 (0)
SBY  0:16:44 [/tmp/tmp.gEibMlrU6b/bug4_formal_anvil_live.sby_default] summary: engine_0 (aiger suprove) returned PASS
SBY  0:16:44 [/tmp/tmp.gEibMlrU6b/bug4_formal_anvil_live.sby_default] summary: engine_0 did not produce any traces
SBY  0:16:44 [/tmp/tmp.gEibMlrU6b/bug4_formal_anvil_live.sby_default] DONE (PASS, rc=0)
