SBY  0:16:39 [/tmp/tmp.gEibMlrU6b/bug4_formal_live.sby_fixed] Removing directory '/tmp/tmp.gEibMlrU6b/bug4_formal_live.sby_fixed'.
SBY  0:16:39 [/tmp/tmp.gEibMlrU6b/bug4_formal_live.sby_fixed] Copy '/mnt/fileserver/prj/rtl_bugs/src/bug4/rtl/fixed.sv' to '/tmp/tmp.gEibMlrU6b/bug4_formal_live.sby_fixed/src/fixed.sv'.
SBY  0:16:39 [/tmp/tmp.gEibMlrU6b/bug4_formal_live.sby_fixed] Copy '/mnt/fileserver/prj/rtl_bugs/src/bug4/formal/sby_properties.sv' to '/tmp/tmp.gEibMlrU6b/bug4_formal_live.sby_fixed/src/sby_properties.sv'.
SBY  0:16:39 [/tmp/tmp.gEibMlrU6b/bug4_formal_live.sby_fixed] engine_0: aiger suprove
SBY  0:16:39 [/tmp/tmp.gEibMlrU6b/bug4_formal_live.sby_fixed] base: starting process "cd /tmp/tmp.gEibMlrU6b/bug4_formal_live.sby_fixed/src; yosys -ql ../model/design.log ../model/design.ys"
SBY  0:16:39 [/tmp/tmp.gEibMlrU6b/bug4_formal_live.sby_fixed] base: Warning: Wire sby_properties.\f_clk is used but has no driver.
SBY  0:16:39 [/tmp/tmp.gEibMlrU6b/bug4_formal_live.sby_fixed] base: finished (returncode=0)
SBY  0:16:39 [/tmp/tmp.gEibMlrU6b/bug4_formal_live.sby_fixed] prep: starting process "cd /tmp/tmp.gEibMlrU6b/bug4_formal_live.sby_fixed/model; yosys -ql design_prep.log design_prep.ys"
SBY  0:16:39 [/tmp/tmp.gEibMlrU6b/bug4_formal_live.sby_fixed] prep: Warning: Wire sby_properties.\f_clk is used but has no driver.
SBY  0:16:39 [/tmp/tmp.gEibMlrU6b/bug4_formal_live.sby_fixed] prep: finished (returncode=0)
SBY  0:16:39 [/tmp/tmp.gEibMlrU6b/bug4_formal_live.sby_fixed] aig: starting process "cd /tmp/tmp.gEibMlrU6b/bug4_formal_live.sby_fixed/model; yosys -ql design_aiger.log design_aiger.ys"
SBY  0:16:39 [/tmp/tmp.gEibMlrU6b/bug4_formal_live.sby_fixed] aig: finished (returncode=0)
SBY  0:16:39 [/tmp/tmp.gEibMlrU6b/bug4_formal_live.sby_fixed] engine_0: starting process "cd /tmp/tmp.gEibMlrU6b/bug4_formal_live.sby_fixed; suprove +simple_liveness model/design_aiger.aig"
SBY  0:16:39 [/tmp/tmp.gEibMlrU6b/bug4_formal_live.sby_fixed] engine_0: finished (returncode=0)
SBY  0:16:39 [/tmp/tmp.gEibMlrU6b/bug4_formal_live.sby_fixed] engine_0: Status returned by engine: PASS
SBY  0:16:39 [/tmp/tmp.gEibMlrU6b/bug4_formal_live.sby_fixed] summary: Elapsed clock time [H:MM:SS (secs)]: 0:00:00 (0)
SBY  0:16:39 [/tmp/tmp.gEibMlrU6b/bug4_formal_live.sby_fixed] summary: Elapsed process time [H:MM:SS (secs)]: 0:00:00 (0)
SBY  0:16:39 [/tmp/tmp.gEibMlrU6b/bug4_formal_live.sby_fixed] summary: engine_0 (aiger suprove) returned PASS
SBY  0:16:39 [/tmp/tmp.gEibMlrU6b/bug4_formal_live.sby_fixed] summary: engine_0 did not produce any traces
SBY  0:16:39 [/tmp/tmp.gEibMlrU6b/bug4_formal_live.sby_fixed] DONE (PASS, rc=0)
