SBY  0:16:39 [/tmp/tmp.gEibMlrU6b/bug4_formal_live.sby_buggy] Removing directory '/tmp/tmp.gEibMlrU6b/bug4_formal_live.sby_buggy'.
SBY  0:16:39 [/tmp/tmp.gEibMlrU6b/bug4_formal_live.sby_buggy] Copy '/mnt/fileserver/prj/rtl_bugs/src/bug4/rtl/buggy.sv' to '/tmp/tmp.gEibMlrU6b/bug4_formal_live.sby_buggy/src/buggy.sv'.
SBY  0:16:39 [/tmp/tmp.gEibMlrU6b/bug4_formal_live.sby_buggy] Copy '/mnt/fileserver/prj/rtl_bugs/src/bug4/formal/sby_properties.sv' to '/tmp/tmp.gEibMlrU6b/bug4_formal_live.sby_buggy/src/sby_properties.sv'.
SBY  0:16:39 [/tmp/tmp.gEibMlrU6b/bug4_formal_live.sby_buggy] engine_0: aiger suprove
SBY  0:16:39 [/tmp/tmp.gEibMlrU6b/bug4_formal_live.sby_buggy] base: starting process "cd /tmp/tmp.gEibMlrU6b/bug4_formal_live.sby_buggy/src; yosys -ql ../model/design.log ../model/design.ys"
SBY  0:16:39 [/tmp/tmp.gEibMlrU6b/bug4_formal_live.sby_buggy] base: Warning: Wire sby_properties.\f_clk is used but has no driver.
SBY  0:16:39 [/tmp/tmp.gEibMlrU6b/bug4_formal_live.sby_buggy] base: finished (returncode=0)
SBY  0:16:39 [/tmp/tmp.gEibMlrU6b/bug4_formal_live.sby_buggy] prep: starting process "cd /tmp/tmp.gEibMlrU6b/bug4_formal_live.sby_buggy/model; yosys -ql design_prep.log design_prep.ys"
SBY  0:16:39 [/tmp/tmp.gEibMlrU6b/bug4_formal_live.sby_buggy] prep: Warning: Wire sby_properties.\f_clk is used but has no driver.
SBY  0:16:39 [/tmp/tmp.gEibMlrU6b/bug4_formal_live.sby_buggy] prep: finished (returncode=0)
SBY  0:16:39 [/tmp/tmp.gEibMlrU6b/bug4_formal_live.sby_buggy] aig: starting process "cd /tmp/tmp.gEibMlrU6b/bug4_formal_live.sby_buggy/model; yosys -ql design_aiger.log design_aiger.ys"
SBY  0:16:39 [/tmp/tmp.gEibMlrU6b/bug4_formal_live.sby_buggy] aig: finished (returncode=0)
SBY  0:16:39 [/tmp/tmp.gEibMlrU6b/bug4_formal_live.sby_buggy] engine_0: starting process "cd /tmp/tmp.gEibMlrU6b/bug4_formal_live.sby_buggy; suprove +simple_liveness model/design_aiger.aig"
SBY  0:16:39 [/tmp/tmp.gEibMlrU6b/bug4_formal_live.sby_buggy] engine_0: finished (returncode=0)
SBY  0:16:39 [/tmp/tmp.gEibMlrU6b/bug4_formal_live.sby_buggy] engine_0: Status returned by engine: PASS
SBY  0:16:39 [/tmp/tmp.gEibMlrU6b/bug4_formal_live.sby_buggy] summary: Elapsed clock time [H:MM:SS (secs)]: 0:00:00 (0)
SBY  0:16:39 [/tmp/tmp.gEibMlrU6b/bug4_formal_live.sby_buggy] summary: Elapsed process time [H:MM:SS (secs)]: 0:00:00 (0)
SBY  0:16:39 [/tmp/tmp.gEibMlrU6b/bug4_formal_live.sby_buggy] summary: engine_0 (aiger suprove) returned PASS
SBY  0:16:39 [/tmp/tmp.gEibMlrU6b/bug4_formal_live.sby_buggy] summary: engine_0 did not produce any traces
SBY  0:16:39 [/tmp/tmp.gEibMlrU6b/bug4_formal_live.sby_buggy] DONE (PASS, rc=0)
