SBY  0:16:43 [/tmp/tmp.gEibMlrU6b/bug3_formal_anvil.sby_semantic_bug] Removing directory '/tmp/tmp.gEibMlrU6b/bug3_formal_anvil.sby_semantic_bug'.
SBY  0:16:43 [/tmp/tmp.gEibMlrU6b/bug3_formal_anvil.sby_semantic_bug] Copy '/mnt/fileserver/prj/rtl_bugs/src/bug3/rtl/generated/semantic_bug.sv' to '/tmp/tmp.gEibMlrU6b/bug3_formal_anvil.sby_semantic_bug/src/semantic_bug.sv'.
SBY  0:16:43 [/tmp/tmp.gEibMlrU6b/bug3_formal_anvil.sby_semantic_bug] Copy '/mnt/fileserver/prj/rtl_bugs/src/bug3/formal/anvil_properties.sv' to '/tmp/tmp.gEibMlrU6b/bug3_formal_anvil.sby_semantic_bug/src/anvil_properties.sv'.
SBY  0:16:43 [/tmp/tmp.gEibMlrU6b/bug3_formal_anvil.sby_semantic_bug] engine_0: smtbmc z3
SBY  0:16:43 [/tmp/tmp.gEibMlrU6b/bug3_formal_anvil.sby_semantic_bug] base: starting process "cd /tmp/tmp.gEibMlrU6b/bug3_formal_anvil.sby_semantic_bug/src; yosys -ql ../model/design.log ../model/design.ys"
SBY  0:16:43 [/tmp/tmp.gEibMlrU6b/bug3_formal_anvil.sby_semantic_bug] base: Warning: Wire cdc_anvil_semantic_properties.\f_clk is used but has no driver.
SBY  0:16:43 [/tmp/tmp.gEibMlrU6b/bug3_formal_anvil.sby_semantic_bug] base: finished (returncode=0)
SBY  0:16:43 [/tmp/tmp.gEibMlrU6b/bug3_formal_anvil.sby_semantic_bug] prep: starting process "cd /tmp/tmp.gEibMlrU6b/bug3_formal_anvil.sby_semantic_bug/model; yosys -ql design_prep.log design_prep.ys"
SBY  0:16:43 [/tmp/tmp.gEibMlrU6b/bug3_formal_anvil.sby_semantic_bug] prep: Warning: Wire cdc_anvil_semantic_properties.\f_clk is used but has no driver.
SBY  0:16:43 [/tmp/tmp.gEibMlrU6b/bug3_formal_anvil.sby_semantic_bug] prep: finished (returncode=0)
SBY  0:16:43 [/tmp/tmp.gEibMlrU6b/bug3_formal_anvil.sby_semantic_bug] smt2: starting process "cd /tmp/tmp.gEibMlrU6b/bug3_formal_anvil.sby_semantic_bug/model; yosys -ql design_smt2.log design_smt2.ys"
SBY  0:16:43 [/tmp/tmp.gEibMlrU6b/bug3_formal_anvil.sby_semantic_bug] smt2: finished (returncode=0)
SBY  0:16:43 [/tmp/tmp.gEibMlrU6b/bug3_formal_anvil.sby_semantic_bug] engine_0: starting process "cd /tmp/tmp.gEibMlrU6b/bug3_formal_anvil.sby_semantic_bug; yosys-smtbmc -s z3 --presat --noprogress -t 12  --append 0 --dump-vcd engine_0/trace.vcd --dump-yw engine_0/trace.yw --dump-vlogtb engine_0/trace_tb.v --dump-smtc engine_0/trace.smtc model/design_smt2.smt2"
SBY  0:16:43 [/tmp/tmp.gEibMlrU6b/bug3_formal_anvil.sby_semantic_bug] engine_0: ##   0:00:00  Solver: z3
SBY  0:16:43 [/tmp/tmp.gEibMlrU6b/bug3_formal_anvil.sby_semantic_bug] engine_0: ##   0:00:00  Checking assumptions in step 0..
SBY  0:16:43 [/tmp/tmp.gEibMlrU6b/bug3_formal_anvil.sby_semantic_bug] engine_0: ##   0:00:00  Checking assertions in step 0..
SBY  0:16:43 [/tmp/tmp.gEibMlrU6b/bug3_formal_anvil.sby_semantic_bug] engine_0: ##   0:00:00  Checking assumptions in step 1..
SBY  0:16:43 [/tmp/tmp.gEibMlrU6b/bug3_formal_anvil.sby_semantic_bug] engine_0: ##   0:00:00  Checking assertions in step 1..
SBY  0:16:43 [/tmp/tmp.gEibMlrU6b/bug3_formal_anvil.sby_semantic_bug] engine_0: ##   0:00:00  Checking assumptions in step 2..
SBY  0:16:43 [/tmp/tmp.gEibMlrU6b/bug3_formal_anvil.sby_semantic_bug] engine_0: ##   0:00:00  Checking assertions in step 2..
SBY  0:16:43 [/tmp/tmp.gEibMlrU6b/bug3_formal_anvil.sby_semantic_bug] engine_0: ##   0:00:00  Checking assumptions in step 3..
SBY  0:16:43 [/tmp/tmp.gEibMlrU6b/bug3_formal_anvil.sby_semantic_bug] engine_0: ##   0:00:00  Checking assertions in step 3..
SBY  0:16:43 [/tmp/tmp.gEibMlrU6b/bug3_formal_anvil.sby_semantic_bug] engine_0: ##   0:00:00  Checking assumptions in step 4..
SBY  0:16:43 [/tmp/tmp.gEibMlrU6b/bug3_formal_anvil.sby_semantic_bug] engine_0: ##   0:00:00  Checking assertions in step 4..
SBY  0:16:43 [/tmp/tmp.gEibMlrU6b/bug3_formal_anvil.sby_semantic_bug] engine_0: ##   0:00:00  Checking assumptions in step 5..
SBY  0:16:43 [/tmp/tmp.gEibMlrU6b/bug3_formal_anvil.sby_semantic_bug] engine_0: ##   0:00:00  Checking assertions in step 5..
SBY  0:16:43 [/tmp/tmp.gEibMlrU6b/bug3_formal_anvil.sby_semantic_bug] engine_0: ##   0:00:00  Checking assumptions in step 6..
SBY  0:16:43 [/tmp/tmp.gEibMlrU6b/bug3_formal_anvil.sby_semantic_bug] engine_0: ##   0:00:00  Checking assertions in step 6..
SBY  0:16:43 [/tmp/tmp.gEibMlrU6b/bug3_formal_anvil.sby_semantic_bug] engine_0: ##   0:00:00  BMC failed!
SBY  0:16:43 [/tmp/tmp.gEibMlrU6b/bug3_formal_anvil.sby_semantic_bug] engine_0: ##   0:00:00  Assert failed in cdc_anvil_semantic_properties: anvil_properties.sv:80.13-80.62 (_witness_.check_assert_anvil_properties_sv_80_10)
SBY  0:16:43 [/tmp/tmp.gEibMlrU6b/bug3_formal_anvil.sby_semantic_bug] engine_0: ##   0:00:00  Writing trace to VCD file: engine_0/trace.vcd
SBY  0:16:43 [/tmp/tmp.gEibMlrU6b/bug3_formal_anvil.sby_semantic_bug] engine_0: ##   0:00:00  Writing trace to Verilog testbench: engine_0/trace_tb.v
SBY  0:16:43 [/tmp/tmp.gEibMlrU6b/bug3_formal_anvil.sby_semantic_bug] engine_0: ##   0:00:00  Writing trace to constraints file: engine_0/trace.smtc
SBY  0:16:43 [/tmp/tmp.gEibMlrU6b/bug3_formal_anvil.sby_semantic_bug] engine_0: ##   0:00:00  Writing trace to Yosys witness file: engine_0/trace.yw
SBY  0:16:43 [/tmp/tmp.gEibMlrU6b/bug3_formal_anvil.sby_semantic_bug] engine_0: ##   0:00:00  Status: failed
SBY  0:16:43 [/tmp/tmp.gEibMlrU6b/bug3_formal_anvil.sby_semantic_bug] engine_0: finished (returncode=1)
SBY  0:16:43 [/tmp/tmp.gEibMlrU6b/bug3_formal_anvil.sby_semantic_bug] engine_0: Status returned by engine: FAIL
SBY  0:16:43 [/tmp/tmp.gEibMlrU6b/bug3_formal_anvil.sby_semantic_bug] summary: Elapsed clock time [H:MM:SS (secs)]: 0:00:00 (0)
SBY  0:16:43 [/tmp/tmp.gEibMlrU6b/bug3_formal_anvil.sby_semantic_bug] summary: Elapsed process time [H:MM:SS (secs)]: 0:00:00 (0)
SBY  0:16:43 [/tmp/tmp.gEibMlrU6b/bug3_formal_anvil.sby_semantic_bug] summary: engine_0 (smtbmc z3) returned FAIL
SBY  0:16:43 [/tmp/tmp.gEibMlrU6b/bug3_formal_anvil.sby_semantic_bug] summary: counterexample trace: /tmp/tmp.gEibMlrU6b/bug3_formal_anvil.sby_semantic_bug/engine_0/trace.vcd
SBY  0:16:43 [/tmp/tmp.gEibMlrU6b/bug3_formal_anvil.sby_semantic_bug] summary:   failed assertion cdc_anvil_semantic_properties._witness_.check_assert_anvil_properties_sv_80_10 at anvil_properties.sv:80.13-80.62 step 6
SBY  0:16:43 [/tmp/tmp.gEibMlrU6b/bug3_formal_anvil.sby_semantic_bug] DONE (FAIL, rc=2)
SBY  0:16:43 The following tasks failed: ['semantic_bug']
