\BOOKMARK [2][-]{subsection.1.1}{\376\377\000I\000n\000s\000t\000a\000n\000c\000e}{}% 1
\BOOKMARK [2][-]{subsection.1.2}{\376\377\000M\000e\000c\000h\000a\000n\000i\000s\000m}{}% 2
\BOOKMARK [2][-]{subsection.1.3}{\376\377\000W\000h\000y\000\040\000I\000t\000\040\000S\000u\000r\000v\000i\000v\000e\000d}{}% 3
\BOOKMARK [2][-]{subsection.1.4}{\376\377\000C\000l\000a\000s\000s\000i\000f\000i\000c\000a\000t\000i\000o\000n}{}% 4
\BOOKMARK [2][-]{subsection.1.5}{\376\377\000D\000e\000t\000e\000c\000t\000i\000o\000n}{}% 5
\BOOKMARK [2][-]{subsection.2.1}{\376\377\000I\000n\000s\000t\000a\000n\000c\000e}{}% 6
\BOOKMARK [2][-]{subsection.2.2}{\376\377\000M\000e\000c\000h\000a\000n\000i\000s\000m}{}% 7
\BOOKMARK [2][-]{subsection.2.3}{\376\377\000W\000h\000y\000\040\000I\000t\000\040\000S\000u\000r\000v\000i\000v\000e\000d}{}% 8
\BOOKMARK [2][-]{subsection.2.4}{\376\377\000C\000l\000a\000s\000s\000i\000f\000i\000c\000a\000t\000i\000o\000n}{}% 9
\BOOKMARK [2][-]{subsection.2.5}{\376\377\000D\000e\000t\000e\000c\000t\000i\000o\000n}{}% 10
\BOOKMARK [2][-]{subsection.3.1}{\376\377\000I\000n\000s\000t\000a\000n\000c\000e}{}% 11
\BOOKMARK [2][-]{subsection.3.2}{\376\377\000M\000e\000c\000h\000a\000n\000i\000s\000m}{}% 12
\BOOKMARK [2][-]{subsection.3.3}{\376\377\000W\000h\000y\000\040\000I\000t\000\040\000S\000u\000r\000v\000i\000v\000e\000d}{}% 13
\BOOKMARK [2][-]{subsection.3.4}{\376\377\000C\000l\000a\000s\000s\000i\000f\000i\000c\000a\000t\000i\000o\000n}{}% 14
\BOOKMARK [2][-]{subsection.3.5}{\376\377\000D\000e\000t\000e\000c\000t\000i\000o\000n}{}% 15
\BOOKMARK [2][-]{subsection.4.1}{\376\377\000I\000n\000s\000t\000a\000n\000c\000e}{}% 16
\BOOKMARK [2][-]{subsection.4.2}{\376\377\000M\000e\000c\000h\000a\000n\000i\000s\000m}{}% 17
\BOOKMARK [2][-]{subsection.4.3}{\376\377\000W\000h\000y\000\040\000I\000t\000\040\000S\000u\000r\000v\000i\000v\000e\000d}{}% 18
\BOOKMARK [2][-]{subsection.4.4}{\376\377\000C\000l\000a\000s\000s\000i\000f\000i\000c\000a\000t\000i\000o\000n}{}% 19
\BOOKMARK [2][-]{subsection.4.5}{\376\377\000D\000e\000t\000e\000c\000t\000i\000o\000n}{}% 20
\BOOKMARK [2][-]{subsection.5.1}{\376\377\000I\000n\000s\000t\000a\000n\000c\000e}{}% 21
\BOOKMARK [2][-]{subsection.5.2}{\376\377\000M\000e\000c\000h\000a\000n\000i\000s\000m}{}% 22
\BOOKMARK [2][-]{subsection.5.3}{\376\377\000W\000h\000y\000\040\000I\000t\000\040\000S\000u\000r\000v\000i\000v\000e\000d}{}% 23
\BOOKMARK [2][-]{subsection.5.4}{\376\377\000C\000l\000a\000s\000s\000i\000f\000i\000c\000a\000t\000i\000o\000n}{}% 24
\BOOKMARK [2][-]{subsection.5.5}{\376\377\000D\000e\000t\000e\000c\000t\000i\000o\000n}{}% 25
\BOOKMARK [1][-]{section.6}{\376\377\000S\000y\000n\000t\000h\000e\000s\000i\000s}{}% 26
\BOOKMARK [2][-]{subsection.6.1}{\376\377\000A\000n\000v\000i\000l\000\040\000M\000o\000d\000e\000l\000i\000n\000g\000\040\000R\000e\000q\000u\000i\000r\000e\000m\000e\000n\000t}{section.6}% 27
\BOOKMARK [2][-]{subsection.6.2}{\376\377\000S\000i\000m\000u\000l\000a\000t\000i\000o\000n}{section.6}% 28
\BOOKMARK [2][-]{subsection.6.3}{\376\377\000M\000o\000d\000e\000l\000\040\000C\000h\000e\000c\000k\000i\000n\000g}{section.6}% 29
\BOOKMARK [2][-]{subsection.6.4}{\376\377\000C\000D\000C}{section.6}% 30
\BOOKMARK [2][-]{subsection.6.5}{\376\377\000S\000e\000l\000e\000c\000t\000e\000d\000\040\000P\000r\000o\000j\000e\000c\000t\000s}{section.6}% 31
\BOOKMARK [2][-]{subsection.6.6}{\376\377\000T\000e\000s\000t\000\040\000M\000a\000t\000r\000i\000x}{section.6}% 32
\BOOKMARK [1][-]{subsection.6.6}{\376\377\000R\000e\000f\000e\000r\000e\000n\000c\000e\000s}{}% 33
